// Jest Snapshot v1, https://goo.gl/fbAQLP

exports[`<AddThought /> renders UI as expected 1`] = `
<div
  className="sc-AxjAm dtabnj"
>
  <form
    className="sc-fzoLsD hsIbJF"
    onSubmit={[Function]}
  >
    <button
      className="Button sc-AxiKw duGoGH"
      color="#829191"
      margin="0px"
      onClick={[Function]}
      type="reset"
    >
      <svg
        aria-hidden="true"
        className="svg-inline--fa fa-arrow-left fa-w-14 "
        data-icon="arrow-left"
        data-prefix="fas"
        focusable="false"
        role="img"
        style={Object {}}
        viewBox="0 0 448 512"
        xmlns="http://www.w3.org/2000/svg"
      >
        <path
          d="M257.5 445.1l-22.2 22.2c-9.4 9.4-24.6 9.4-33.9 0L7 273c-9.4-9.4-9.4-24.6 0-33.9L201.4 44.7c9.4-9.4 24.6-9.4 33.9 0l22.2 22.2c9.5 9.5 9.3 25-.4 34.3L136.6 216H424c13.3 0 24 10.7 24 24v32c0 13.3-10.7 24-24 24H136.6l120.5 114.8c9.8 9.3 10 24.8.4 34.3z"
          fill="currentColor"
          style={Object {}}
        />
      </svg>
    </button>
    <h1
      className="sc-fzozJi gnsJxi"
    >
      Create a Thought
    </h1>
    <label
      className="Label sc-fzplWN iwXlQR"
      htmlFor="thought-title"
    >
      Title
    </label>
    <input
      aria-label="Enter title of this thought"
      aria-required="true"
      className="Input sc-fznyAO iAKbbp"
      color="#ffffff"
      id="thought-title"
      name="title"
      required={true}
      type="text"
    />
    <label
      className="Label sc-fzplWN iwXlQR"
      htmlFor="thought-topic"
    >
      Topic
    </label>
    <select
      aria-label="You can select a topic to put this thought in"
      className="sc-fznZeY eAEVjc"
      id="thought-topic"
      name="topic"
      onChange={[Function]}
      value={0}
    >
      <option
        value={0}
      >
         -- Not in a Topic -- 
      </option>
    </select>
    <label
      className="Label sc-fzplWN iwXlQR"
      htmlFor="thought-content"
    >
      Content
    </label>
    <textarea
      aria-label="Create the content of this thought"
      aria-required="true"
      bgColor="#829191"
      className="Textarea sc-fznKkj atayj"
      id="thought-content"
      name="content"
      required={true}
    />
    <button
      className="Button sc-AxhUy jPkvRe"
      color="#EB9C82"
      type="submit"
    >
      Submit
    </button>
  </form>
</div>
`;
