// Jest Snapshot v1, https://goo.gl/fbAQLP

exports[`<Thought /> renders UI as expected 1`] = `
<input
  className="sc-fzoLsD fqTtYV"
/>
`;

exports[`<Thought /> renders UI as expected 2`] = `
<textarea
  className="sc-fzplWN bDxtVw"
/>
`;

exports[`<Thought /> renders UI as expected 3`] = `
<select
  className="sc-fznKkj epfNme"
/>
`;
