// Jest Snapshot v1, https://goo.gl/fbAQLP

exports[`<AddTopic /> renders UI as expected 1`] = `
<div
  className="sc-AxjAm jsqeJd"
>
  <form
    className="sc-AxmLO humbFj"
    onSubmit={[Function]}
  >
    <button
      className="Button sc-AxiKw eJdQFo"
      margin="0px"
      onClick={[Function]}
      type="reset"
    />
    <h1
      className="sc-Axmtr nbDTi"
    >
      Create a Topic
    </h1>
    <label
      className="Label sc-fzoLsD hJqNJg"
      htmlFor="topic-title"
    >
      Title 
      <span
        className="Required"
      >
        *
      </span>
    </label>
    <input
      aria-label="Enter title of this topic"
      aria-required="true"
      className="Input sc-fzpans jwpxrB"
      id="topic-title"
      name="title"
      required={true}
      type="text"
    />
    <label
      className="Label sc-fzoLsD hJqNJg"
      htmlFor="topic-description"
    >
      Description
    </label>
    <input
      aria-label="Enter description of this topic"
      className="Input sc-fzpans jwpxrB"
      id="topic-description"
      name="description"
      type="text"
    />
    <button
      className="Button sc-AxhUy dpUUoP"
      type="submit"
    >
      Submit
    </button>
  </form>
</div>
`;
